Archive member included because of file (symbol)

c:/NXP/bstudio_nxp/sdk/JN-SW-4163/Components/Library\libJPT_JN5168.a(JPT_Init.o)
                              debug/main.o (u32JPT_Init)
c:/NXP/bstudio_nxp/sdk/JN-SW-4163/Components/Library\libJPT_JN5168.a(JPT_RadioInit.o)
                              debug/main.o (bJPT_RadioInit)
c:/NXP/bstudio_nxp/sdk/JN-SW-4163/Components/Library\libJPT_JN5168.a(JPT_RadioFunctions.o)
                              debug/main.o (u8JPT_RadioGetChannel)
c:/NXP/bstudio_nxp/sdk/JN-SW-4163/Components/Library\libJPT_JN5168.a(JPT_PacketTest.o)
                              debug/main.o (bJPT_PacketRx)
c:/NXP/bstudio_nxp/sdk/JN-SW-4163/Components/Library\libJPT_JN5168.a(JPT_RadioSettings_JN5164.o)
                              c:/NXP/bstudio_nxp/sdk/JN-SW-4163/Components/Library\libJPT_JN5168.a(JPT_RadioInit.o) (bJPT_InitRadio_JN5164)
c:/NXP/bstudio_nxp/sdk/JN-SW-4163/Components/Library\libJPT_JN5168.a(RegisterAccess.o)
                              c:/NXP/bstudio_nxp/sdk/JN-SW-4163/Components/Library\libJPT_JN5168.a(JPT_RadioFunctions.o) (vRMW_REG32)
c:/NXP/bstudio_nxp/sdk/JN-SW-4163/Components/Library\libJPT_JN5168.a(JPT_RadioEnergyDetect.o)
                              c:/NXP/bstudio_nxp/sdk/JN-SW-4163/Components/Library\libJPT_JN5168.a(JPT_PacketTest.o) (u8JPT_GetED)
c:/NXP/bstudio_nxp/sdk/JN-SW-4163/Components/Library\libDBG_JN516x.a(dbg.o)
                              debug/main.o (dbg_vPrintfImplNoneVerbose)
c:/NXP/bstudio_nxp/sdk/JN-SW-4163/Components/Library\libDBG_JN516x.a(dbg_uart.o)
                              debug/main.o (DBG_vUartInit)
c:/NXP/bstudio_nxp/sdk/JN-SW-4163/Components/Library\libHardwareApi_JN516x.a(AHI_Dio.o)
                              c:/NXP/bstudio_nxp/sdk/JN-SW-4163/Components/Library\libJPT_JN5168.a(JPT_RadioInit.o) (vAHI_DioSetDirection)
c:/NXP/bstudio_nxp/sdk/JN-SW-4163/Components/Library\libHardwareApi_JN516x.a(AHI_System.o)
                              debug/main.o (vAHI_WatchdogStop)
c:/NXP/bstudio_nxp/sdk/JN-SW-4163/Components/Library\libHardwareApi_JN516x.a(AHI_Timer.o)
                              c:/NXP/bstudio_nxp/sdk/JN-SW-4163/Components/Library\libHardwareApi_JN516x.a(AHI_System.o) (vAHI_TimerEnable)
c:/NXP/bstudio_nxp/sdk/JN-SW-4163/Components/Library\libHardwareApi_JN516x.a(AHI_TimerInt.o)
                              c:/NXP/bstudio_nxp/sdk/JN-SW-4163/Components/Library\libHardwareApi_JN516x.a(AHI_System.o) (vAHI_Timer0RegisterCallback)
c:/NXP/bstudio_nxp/sdk/JN-SW-4163/Components/Library\libHardwareApi_JN516x.a(AHI_Uart.o)
                              debug/UartBuffered.o (vAHI_UartSetClockDivisor)
c:/NXP/bstudio_nxp/sdk/JN-SW-4163/Components/Library\libHardwareApi_JN516x.a(AHI_Flash.o)
                              c:/NXP/bstudio_nxp/sdk/JN-SW-4163/Components/Library\libHardwareApi_JN516x.a(AHI_System.o) (vAHI_FlashAndEEPROMControllerIntHandler)
c:/NXP/bstudio_nxp/sdk/JN-SW-4163/Components/Library\libHardwareApi_JN516x.a(AHI_Infrared.o)
                              c:/NXP/bstudio_nxp/sdk/JN-SW-4163/Components/Library\libHardwareApi_JN516x.a(AHI_TimerInt.o) (vAHI_IntHandlerInfrared)
c:/NXP/bstudio_nxp/sdk/JN-SW-4163/Components/Library\libHardwareApi_JN516x.a(InternalFlashApi.o)
                              c:/NXP/bstudio_nxp/sdk/JN-SW-4163/Components/Library\libHardwareApi_JN516x.a(AHI_Flash.o) (bFlashErase)
c:/NXP/bstudio_nxp/sdk/JN-SW-4163/Components/Library\libHardwareApi_JN516x.a(AHI_TickTimer.o)
                              debug/main.o (vAHI_TickTimerInit)
c:/NXP/bstudio_nxp/sdk/JN-SW-4163/Components/Library\libHardwareApi_JN516x.a(AHI_Interrupt.o)
                              c:/NXP/bstudio_nxp/sdk/JN-SW-4163/Components/Library\libJPT_JN5168.a(JPT_Init.o) (vAHI_InterruptSetPriority)
c:/NXP/bstudio_nxp/sdk/JN-SW-4163/Components/Library\libHardwareApi_JN516x.a(AHI_Init.o)
                              debug/main.o (u32AHI_Init)
c:/NXP/bstudio_nxp/sdk/JN-SW-4163/Components/Library\libHardwareApi_JN516x.a(AHI_Analogue.o)
                              c:/NXP/bstudio_nxp/sdk/JN-SW-4163/Components/Library\libHardwareApi_JN516x.a(AHI_Init.o) (vAHI_IntHandlerAnalogPeriph)
c:/NXP/bstudio_nxp/sdk/JN-SW-4163/Components/Library\libHardwareApi_JN516x.a(AHI_Spi.o)
                              c:/NXP/bstudio_nxp/sdk/JN-SW-4163/Components/Library\libHardwareApi_JN516x.a(AHI_Flash.o) (vAHI_SpiConfigure)
c:/NXP/bstudio_nxp/sdk/JN-SW-4163/Components/Library\libHardwareApi_JN516x.a(AHI_SpiSlave.o)
                              c:/NXP/bstudio_nxp/sdk/JN-SW-4163/Components/Library\libHardwareApi_JN516x.a(AHI_Init.o) (vAHI_IntHandlerSpiSlave)
c:/NXP/bstudio_nxp/sdk/JN-SW-4163/Components/Library\libHardwareApi_JN516x.a(AHI_Si.o)
                              c:/NXP/bstudio_nxp/sdk/JN-SW-4163/Components/Library\libHardwareApi_JN516x.a(AHI_Init.o) (vAHI_IntHandlerSi)
c:/NXP/bstudio_nxp/sdk/JN-SW-4163/Components/Library\libBoot_JN516x.a(Heap.o)
                              (u32HeapStart)
[...]
Memory Configuration

Name             Origin             Length             Attributes
flash            0x0000000000080000 0x0000000000040000
ram              0x000000000400004c 0x0000000000007fb4
*default*        0x0000000000000000 0xffffffffffffffff

Linker script and memory map

LOAD debug/main.o
LOAD debug/UartBuffered.o
LOAD debug/Queue.o
LOAD debug/Printf.o
START GROUP
LOAD c:/NXP/bstudio_nxp/sdk/JN-SW-4163/Components/Library\libJPT_JN5168.a
LOAD c:/NXP/bstudio_nxp/sdk/JN-SW-4163/Components/Library\libDBG_JN516x.a
LOAD c:/NXP/bstudio_nxp/sdk/JN-SW-4163/Components/Library\libAes_JN516x.a
LOAD c:/NXP/bstudio_nxp/sdk/JN-SW-4163/Components/Library\libHardwareApi_JN516x.a
LOAD c:/NXP/bstudio_nxp/sdk/JN-SW-4163/Components/Library\libMicroSpecific_JN516x.a
LOAD c:/NXP/bstudio_nxp/sdk/JN-SW-4163/Components/Library\libBoot_JN516x.a
LOAD c:/NXP/bstudio_nxp/sdk/JN-SW-4163/Components/Library\libPDM_EEPROM_JN516x_NO_RTOS.a
END GROUP
LOAD c:/nxp/bstudio_nxp/sdk/tools/ba-elf-ba2-r36379/bin/../lib/gcc/ba-elf/4.7.4/../../../../ba-elf/lib/mcpu_jn51xx_sizeopt\libc.a
LOAD c:/nxp/bstudio_nxp/sdk/tools/ba-elf-ba2-r36379/bin/../lib/gcc/ba-elf/4.7.4/mcpu_jn51xx_sizeopt\libgcc.a
LOAD c:/nxp/bstudio_nxp/sdk/tools/ba-elf-ba2-r36379/bin/../lib/gcc/ba-elf/4.7.4/../../../../ba-elf/lib/mcpu_jn51xx_sizeopt\libc.a
                0x0000000000000800                _stack_size = 0x800
                0x0000000000080038                _exception_vsr_table = 0x80038
                0x0000000004000000                pSPIflashFncTable = 0x4000000
                0x0000000000000800                _stack_size = 0x800
                0x0000000000000044                restore_state = 0x44
                0x000000000000004a                bZSPIWaitWIPClear = 0x4a
                0x0000000000000050                u16ZSPIflashRDID = 0x50
                0x0000000000000056                u8SelectFlashChipType = 0x56
                0x000000000000005c                memcpy = 0x5c
                0x0000000000000066                vBootFlashProg = 0x66
                [0x0000000000000d16]                _minimum_heap_size = DEFINED (_minimum_heap_size)?_minimum_heap_size:0xd16
                0x0000000000000000                _SwConfig = (DEFINED (g_bSWConf_Debug) | (DEFINED (g_bSWConf_AltDebugPort) << 0x1))

.version        0x000000000007fffc        0x4
                0x000000000007fffc        0x4 LONG 0x7030008

.bir            0x0000000000080000       0x10
                0x0000000000080000                _flash_start = ABSOLUTE (.)
                0x0000000000080000                _flash_beg = ABSOLUTE (.)
                0x0000000000080000        0x4 LONG 0x12345678
                0x0000000000080004        0x4 LONG 0x11223344
                0x0000000000080008        0x4 LONG 0x55667788
                0x000000000008000c        0x1 BYTE 0x8
                0x000000000008000d        0x1 BYTE 0x1
                0x000000000008000e        0x2 SHORT 0x0

.flashheader    0x0000000000080010       0x28
                0x0000000000080010        0x4 LONG 0x0
                0x0000000000080014        0x4 LONG 0x0
                0x0000000000080018        0x4 LONG 0x0
                0x000000000008001c        0x2 SHORT 0x0
                0x000000000008001e        0x2 SHORT 0x0 ABSOLUTE (_SwConfig)
                0x0000000000080020                _enc_start = ABSOLUTE (.)
                0x0000000000080020        0x4 LONG 0x2f48 ABSOLUTE (_image_len)
                0x0000000000080024        0x4 LONG 0x82f1c ABSOLUTE (_flash_data_start)
                0x0000000000080028        0x2 SHORT 0x13 ((ABSOLUTE (_ram_data_start) / 0x4) & 0xffff)
                0x000000000008002a        0x2 SHORT 0xb ((ABSOLUTE (_ram_data_len) / 0x4) & 0xffff)
                0x000000000008002c        0x2 SHORT 0x1e ((ABSOLUTE (_bss_start) / 0x4) & 0xffff)
                0x000000000008002e        0x2 SHORT 0x107 ((ABSOLUTE (_bss_len) / 0x4) & 0xffff)
                0x0000000000080030        0x4 LONG 0x811f9 ABSOLUTE (AppWarmStart)
                0x0000000000080034        0x4 LONG 0x8086c ABSOLUTE (AppColdStart)
                0x0000000000000000                _enc_offset = (_enc_start & 0xf)
                0x0000000000000044                PROVIDE (vException_BusError, restore_state)
                0x0000000000000044                PROVIDE (vException_UnalignedAccess, restore_state)
                0x0000000000000044                PROVIDE (vException_IllegalInstruction, restore_state)
                0x0000000000000044                PROVIDE (vException_SysCall, restore_state)
                0x0000000000000044                PROVIDE (vException_Trap, restore_state)
                0x0000000000000044                PROVIDE (vException_StackOverflow, restore_state)
                0x0000000000080038                . = ABSOLUTE (_exception_vsr_table)

.vsr_table      0x0000000000080038       0x18
                0x0000000000080038        0x4 LONG 0x44 ABSOLUTE (vException_BusError)
                0x000000000008003c        0x4 LONG 0x44 ABSOLUTE (vException_UnalignedAccess)
                0x0000000000080040        0x4 LONG 0x44 ABSOLUTE (vException_IllegalInstruction)
                0x0000000000080044        0x4 LONG 0x44 ABSOLUTE (vException_SysCall)
                0x0000000000080048        0x4 LONG 0x44 ABSOLUTE (vException_Trap)
                0x000000000008004c        0x4 LONG 0x44 ABSOLUTE (vException_StackOverflow)

.vsr_handlers   0x0000000000080050       0xaa
 *(.vsr_handlers)
 .vsr_handlers  0x0000000000080050       0xaa c:/NXP/bstudio_nxp/sdk/JN-SW-4163/Components/Library\libBoot_JN516x.a(ExceptionHandler.o)
                0x0000000000080050                _exception_external_interrupt
                0x00000000000800f8                _default_vsr_dummy

.rodata         0x00000000000800fc      0x755
 *(.rodata*)
 .rodata.str1.1
                0x00000000000800fc      0x411 debug/main.o
 *fill*         0x000000000008050d        0x3 00
 .rodata        0x0000000000080510       0x58 debug/main.o
 .rodata.afFrequencies
                0x0000000000080568       0x40 debug/main.o
                0x0000000000080568                afFrequencies
 .rodata.CSWTCH.39
                0x00000000000805a8        0x2 debug/main.o
 .rodata.CSWTCH.40
                0x00000000000805aa        0x2 debug/main.o
 .rodata.str1.1
                0x00000000000805ac       0x16 c:/NXP/bstudio_nxp/sdk/JN-SW-4163/Components/Library\libDBG_JN516x.a(dbg.o)
                                         0x17 (size before relaxing)
 .rodata        0x00000000000805c2        0x6 c:/NXP/bstudio_nxp/sdk/JN-SW-4163/Components/Library\libHardwareApi_JN516x.a(AHI_Uart.o)
 .rodata.au32UartAddrOffset
                0x00000000000805c8        0x8 c:/NXP/bstudio_nxp/sdk/JN-SW-4163/Components/Library\libHardwareApi_JN516x.a(AHI_Uart.o)
                0x00000000000805c8                au32UartAddrOffset
 .rodata        0x00000000000805d0      0x281 c:/nxp/bstudio_nxp/sdk/tools/ba-elf-ba2-r36379/bin/../lib/gcc/ba-elf/4.7.4/../../../../ba-elf/lib/mcpu_jn51xx_sizeopt\libc.a(lib_a-ctype_.o)
                0x00000000000805d0                _ctype_

.text           0x0000000000080854     0x26c8
 *(.text*)
 .text.TickTimer_Cb
                0x0000000000080854       0x11 debug/main.o
 .text.vPutC    0x0000000000080865        0x7 debug/main.o
 .text.AppColdStart
                0x000000000008086c      0x98d debug/main.o
                0x000000000008086c                AppColdStart
 .text.AppWarmStart
                0x00000000000811f9        0x6 debug/main.o
                0x00000000000811f9                AppWarmStart
 .text.vUartISR
                0x00000000000811ff       0x57 debug/UartBuffered.o
 .text.vUartInit
                0x0000000000081256       0x72 debug/UartBuffered.o
                0x0000000000081256                vUartInit
 .text.u8UartRead
                0x00000000000812c8       0x1d debug/UartBuffered.o
                0x00000000000812c8                u8UartRead
 .text.bUartRxDataAvailable
                0x00000000000812e5       0x1a debug/UartBuffered.o
                0x00000000000812e5                bUartRxDataAvailable
 .text.vUartWrite
                0x00000000000812ff       0x40 debug/UartBuffered.o
                0x00000000000812ff                vUartWrite
 .text.vQueue_Init
                0x000000000008133f        0xf debug/Queue.o
                0x000000000008133f                vQueue_Init
 .text.bQueue_Write
                0x000000000008134e       0x2c debug/Queue.o
                0x000000000008134e                bQueue_Write
 .text.bQueue_Read
                0x000000000008137a       0x35 debug/Queue.o
                0x000000000008137a                bQueue_Read
 .text.bQueue_IsEmpty
                0x00000000000813af       0x14 debug/Queue.o
                0x00000000000813af                bQueue_IsEmpty
 .text.vInitPrintf
                0x00000000000813c3        0x9 debug/Printf.o
                0x00000000000813c3                vInitPrintf
 .text.vJPT_SysCtrlISR
                0x00000000000813cc       0x2a c:/NXP/bstudio_nxp/sdk/JN-SW-4163/Components/Library\libJPT_JN5168.a(JPT_Init.o)
 .text.vJPT_DummyISR
                0x00000000000813f6        0x3 c:/NXP/bstudio_nxp/sdk/JN-SW-4163/Components/Library\libJPT_JN5168.a(JPT_Init.o)
 .text.u32JPT_Init
                0x00000000000813f9      0x158 c:/NXP/bstudio_nxp/sdk/JN-SW-4163/Components/Library\libJPT_JN5168.a(JPT_Init.o)
                0x00000000000813f9                u32JPT_Init
 .text.bJPT_RadioInit
                0x0000000000081551       0xda c:/NXP/bstudio_nxp/sdk/JN-SW-4163/Components/Library\libJPT_JN5168.a(JPT_RadioInit.o)
                0x0000000000081551                bJPT_RadioInit
 .text.u8JPT_RadioGetChannel
                0x000000000008162b        0xc c:/NXP/bstudio_nxp/sdk/JN-SW-4163/Components/Library\libJPT_JN5168.a(JPT_RadioFunctions.o)
                0x000000000008162b                u8JPT_RadioGetChannel
 .text.bJPT_VcoLock
                0x0000000000081637       0x23 c:/NXP/bstudio_nxp/sdk/JN-SW-4163/Components/Library\libJPT_JN5168.a(JPT_RadioFunctions.o)
                0x0000000000081637                bJPT_VcoLock
 .text.bJPT_RadioSetChannel
                0x000000000008165a       0x1c c:/NXP/bstudio_nxp/sdk/JN-SW-4163/Components/Library\libJPT_JN5168.a(JPT_RadioFunctions.o)
                0x000000000008165a                bJPT_RadioSetChannel
 .text.bJPT_PacketRx
                0x0000000000081676      0x157 c:/NXP/bstudio_nxp/sdk/JN-SW-4163/Components/Library\libJPT_JN5168.a(JPT_PacketTest.o)
                0x0000000000081676                bJPT_PacketRx
 .text.bJPT_InitRadio_JN5164
                0x00000000000817cd      0x170 c:/NXP/bstudio_nxp/sdk/JN-SW-4163/Components/Library\libJPT_JN5168.a(JPT_RadioSettings_JN5164.o)
                0x00000000000817cd                bJPT_InitRadio_JN5164
 .text.u8JPT_GetED
                0x000000000008193d        0xc c:/NXP/bstudio_nxp/sdk/JN-SW-4163/Components/Library\libJPT_JN5168.a(JPT_RadioEnergyDetect.o)
                0x000000000008193d                u8JPT_GetED
 .text.u8JPT_GetLQIfromRSSI
                0x0000000000081949       0x21 c:/NXP/bstudio_nxp/sdk/JN-SW-4163/Components/Library\libJPT_JN5168.a(JPT_RadioEnergyDetect.o)
                0x0000000000081949                u8JPT_GetLQIfromRSSI
 .text.vNewLine.part.0
                0x000000000008196a       0x9e c:/NXP/bstudio_nxp/sdk/JN-SW-4163/Components/Library\libDBG_JN516x.a(dbg.o)
 .text.DBG_vReset
                0x0000000000081a08       0x12 c:/NXP/bstudio_nxp/sdk/JN-SW-4163/Components/Library\libDBG_JN516x.a(dbg.o)
                0x0000000000081a08                DBG_vReset
 .text.DBG_vInit
                0x0000000000081a1a       0x32 c:/NXP/bstudio_nxp/sdk/JN-SW-4163/Components/Library\libDBG_JN516x.a(dbg.o)
                0x0000000000081a1a                DBG_vInit
 .text.dbg_vPrintfImplMain
                0x0000000000081a4c      0x4b1 c:/NXP/bstudio_nxp/sdk/JN-SW-4163/Components/Library\libDBG_JN516x.a(dbg.o)
                0x0000000000081a4c                dbg_vPrintfImplMain
 .text.dbg_vPrintfImplNoneVerbose
                0x0000000000081efd       0x31 c:/NXP/bstudio_nxp/sdk/JN-SW-4163/Components/Library\libDBG_JN516x.a(dbg.o)
                0x0000000000081efd                dbg_vPrintfImplNoneVerbose
 .text.DBG_vUartFailedAssert
                0x0000000000081f2e        0x4 c:/NXP/bstudio_nxp/sdk/JN-SW-4163/Components/Library\libDBG_JN516x.a(dbg_uart.o)
                0x0000000000081f2e                DBG_vUartFailedAssert
 .text.DBG_vUartFlush
                0x0000000000081f32       0x15 c:/NXP/bstudio_nxp/sdk/JN-SW-4163/Components/Library\libDBG_JN516x.a(dbg_uart.o)
                0x0000000000081f32                DBG_vUartFlush
 .text.DBG_iUartGetChar
                0x0000000000081f47       0x22 c:/NXP/bstudio_nxp/sdk/JN-SW-4163/Components/Library\libDBG_JN516x.a(dbg_uart.o)
                0x0000000000081f47                DBG_iUartGetChar
 .text.DBG_vUartPutch
                0x0000000000081f69       0x23 c:/NXP/bstudio_nxp/sdk/JN-SW-4163/Components/Library\libDBG_JN516x.a(dbg_uart.o)
                0x0000000000081f69                DBG_vUartPutch
 .text.DBG_vUartInitHardware
                0x0000000000081f8c       0x38 c:/NXP/bstudio_nxp/sdk/JN-SW-4163/Components/Library\libDBG_JN516x.a(dbg_uart.o)
                0x0000000000081f8c                DBG_vUartInitHardware
 *fill*         0x0000000000081fc4        0x0 00
 .text.DBG_vUartInit
                0x0000000000081fc4       0x9c c:/NXP/bstudio_nxp/sdk/JN-SW-4163/Components/Library\libDBG_JN516x.a(dbg_uart.o)
                0x0000000000081fc4                DBG_vUartInit
 .text.vAHI_DioSetDirection
                0x0000000000082060       0x14 c:/NXP/bstudio_nxp/sdk/JN-SW-4163/Components/Library\libHardwareApi_JN516x.a(AHI_Dio.o)
                0x0000000000082060                vAHI_DioSetDirection
 .text.vAHI_DioSetOutput
                0x0000000000082074       0x14 c:/NXP/bstudio_nxp/sdk/JN-SW-4163/Components/Library\libHardwareApi_JN516x.a(AHI_Dio.o)
                0x0000000000082074                vAHI_DioSetOutput
 .text.vAHI_DioSetPullup
                0x0000000000082088       0x20 c:/NXP/bstudio_nxp/sdk/JN-SW-4163/Components/Library\libHardwareApi_JN516x.a(AHI_Dio.o)
                0x0000000000082088                vAHI_DioSetPullup
 .text.vAHI_IntHandlerSysCtrl
                0x00000000000820a8       0x3a c:/NXP/bstudio_nxp/sdk/JN-SW-4163/Components/Library\libHardwareApi_JN516x.a(AHI_System.o)
                0x00000000000820a8                vAHI_IntHandlerSysCtrl
 .text.vAHI_WatchdogStop
                0x00000000000820e2       0x17 c:/NXP/bstudio_nxp/sdk/JN-SW-4163/Components/Library\libHardwareApi_JN516x.a(AHI_System.o)
                0x00000000000820e2                vAHI_WatchdogStop
 .text.vAHI_IntHandlerTimer0
                0x00000000000820f9       0x24 c:/NXP/bstudio_nxp/sdk/JN-SW-4163/Components/Library\libHardwareApi_JN516x.a(AHI_TimerInt.o)
                0x00000000000820f9                vAHI_IntHandlerTimer0
 .text.vAHI_IntHandlerTimer1
                0x000000000008211d       0x23 c:/NXP/bstudio_nxp/sdk/JN-SW-4163/Components/Library\libHardwareApi_JN516x.a(AHI_TimerInt.o)
                0x000000000008211d                vAHI_IntHandlerTimer1
 .text.vAHI_IntHandlerTimer2
                0x0000000000082140       0x32 c:/NXP/bstudio_nxp/sdk/JN-SW-4163/Components/Library\libHardwareApi_JN516x.a(AHI_TimerInt.o)
                0x0000000000082140                vAHI_IntHandlerTimer2
 .text.vAHI_IntHandlerTimer3
                0x0000000000082172       0x24 c:/NXP/bstudio_nxp/sdk/JN-SW-4163/Components/Library\libHardwareApi_JN516x.a(AHI_TimerInt.o)
                0x0000000000082172                vAHI_IntHandlerTimer3
 .text.vAHI_IntHandlerTimer4
                0x0000000000082196       0x24 c:/NXP/bstudio_nxp/sdk/JN-SW-4163/Components/Library\libHardwareApi_JN516x.a(AHI_TimerInt.o)
                0x0000000000082196                vAHI_IntHandlerTimer4
 .text.vAHI_UartSetBaudDivisor
                0x00000000000821ba       0x43 c:/NXP/bstudio_nxp/sdk/JN-SW-4163/Components/Library\libHardwareApi_JN516x.a(AHI_Uart.o)
                0x00000000000821ba                vAHI_UartSetBaudDivisor
 .text.vAHI_UartSetClockDivisor
                0x00000000000821fd       0x26 c:/NXP/bstudio_nxp/sdk/JN-SW-4163/Components/Library\libHardwareApi_JN516x.a(AHI_Uart.o)
                0x00000000000821fd                vAHI_UartSetClockDivisor
 .text.vAHI_UartSetInterrupt
                0x0000000000082223       0x5b c:/NXP/bstudio_nxp/sdk/JN-SW-4163/Components/Library\libHardwareApi_JN516x.a(AHI_Uart.o)
                0x0000000000082223                vAHI_UartSetInterrupt
 .text.vAHI_UartReset
                0x000000000008227e       0x3c c:/NXP/bstudio_nxp/sdk/JN-SW-4163/Components/Library\libHardwareApi_JN516x.a(AHI_Uart.o)
                0x000000000008227e                vAHI_UartReset
 .text.vAHI_UartConfigureFIFOs.part.5
                0x00000000000822ba       0x6c c:/NXP/bstudio_nxp/sdk/JN-SW-4163/Components/Library\libHardwareApi_JN516x.a(AHI_Uart.o)
 .text.vAHI_UartEnable
                0x0000000000082326       0x7e c:/NXP/bstudio_nxp/sdk/JN-SW-4163/Components/Library\libHardwareApi_JN516x.a(AHI_Uart.o)
                0x0000000000082326                vAHI_UartEnable
 .text.u8AHI_UartReadLineStatus
                0x00000000000823a4       0x23 c:/NXP/bstudio_nxp/sdk/JN-SW-4163/Components/Library\libHardwareApi_JN516x.a(AHI_Uart.o)
                0x00000000000823a4                u8AHI_UartReadLineStatus
 .text.vAHI_UartWriteData
                0x00000000000823c7       0x1c c:/NXP/bstudio_nxp/sdk/JN-SW-4163/Components/Library\libHardwareApi_JN516x.a(AHI_Uart.o)
                0x00000000000823c7                vAHI_UartWriteData
 .text.u8AHI_UartReadData
                0x00000000000823e3       0x23 c:/NXP/bstudio_nxp/sdk/JN-SW-4163/Components/Library\libHardwareApi_JN516x.a(AHI_Uart.o)
                0x00000000000823e3                u8AHI_UartReadData
 .text.vAHI_IntHandlerUart0
                0x0000000000082406       0x2b c:/NXP/bstudio_nxp/sdk/JN-SW-4163/Components/Library\libHardwareApi_JN516x.a(AHI_Uart.o)
                0x0000000000082406                vAHI_IntHandlerUart0
 .text.vAHI_IntHandlerUart1
                0x0000000000082431       0x2b c:/NXP/bstudio_nxp/sdk/JN-SW-4163/Components/Library\libHardwareApi_JN516x.a(AHI_Uart.o)
                0x0000000000082431                vAHI_IntHandlerUart1
 .text.vAHI_Uart0RegisterCallback
                0x000000000008245c        0x9 c:/NXP/bstudio_nxp/sdk/JN-SW-4163/Components/Library\libHardwareApi_JN516x.a(AHI_Uart.o)
                0x000000000008245c                vAHI_Uart0RegisterCallback
 .text.vAHI_Uart1RegisterCallback
                0x0000000000082465        0x9 c:/NXP/bstudio_nxp/sdk/JN-SW-4163/Components/Library\libHardwareApi_JN516x.a(AHI_Uart.o)
                0x0000000000082465                vAHI_Uart1RegisterCallback
 .text.u8AHI_UartReadRxFifoLevel
                0x000000000008246e       0x24 c:/NXP/bstudio_nxp/sdk/JN-SW-4163/Components/Library\libHardwareApi_JN516x.a(AHI_Uart.o)
                0x000000000008246e                u8AHI_UartReadRxFifoLevel
 .text.vAHI_FlashAndEEPROMControllerIntHandler
                0x0000000000082492       0x38 c:/NXP/bstudio_nxp/sdk/JN-SW-4163/Components/Library\libHardwareApi_JN516x.a(AHI_Flash.o)
                0x0000000000082492                vAHI_FlashAndEEPROMControllerIntHandler
 .text.vAHI_IntHandlerInfrared
                0x00000000000824ca       0x17 c:/NXP/bstudio_nxp/sdk/JN-SW-4163/Components/Library\libHardwareApi_JN516x.a(AHI_Infrared.o)
                0x00000000000824ca                vAHI_IntHandlerInfrared
 .text.vAHI_TickTimerInit
                0x00000000000824e1        0x9 c:/NXP/bstudio_nxp/sdk/JN-SW-4163/Components/Library\libHardwareApi_JN516x.a(AHI_TickTimer.o)
                0x00000000000824e1                vAHI_TickTimerInit
 .text.vAHI_TickTimerWrite
                0x00000000000824ea        0x9 c:/NXP/bstudio_nxp/sdk/JN-SW-4163/Components/Library\libHardwareApi_JN516x.a(AHI_TickTimer.o)
                0x00000000000824ea                vAHI_TickTimerWrite
 .text.vAHI_TickTimerIntPendClr
                0x00000000000824f3       0x15 c:/NXP/bstudio_nxp/sdk/JN-SW-4163/Components/Library\libHardwareApi_JN516x.a(AHI_TickTimer.o)
                0x00000000000824f3                vAHI_TickTimerIntPendClr
 .text.vAHI_TickTimerConfigure
                0x0000000000082508       0x1b c:/NXP/bstudio_nxp/sdk/JN-SW-4163/Components/Library\libHardwareApi_JN516x.a(AHI_TickTimer.o)
                0x0000000000082508                vAHI_TickTimerConfigure
 .text.vAHI_TickTimerIntEnable
                0x0000000000082523       0x21 c:/NXP/bstudio_nxp/sdk/JN-SW-4163/Components/Library\libHardwareApi_JN516x.a(AHI_TickTimer.o)
                0x0000000000082523                vAHI_TickTimerIntEnable
 .text.vAHI_IntHandlerTickTimer
                0x0000000000082544       0x2b c:/NXP/bstudio_nxp/sdk/JN-SW-4163/Components/Library\libHardwareApi_JN516x.a(AHI_TickTimer.o)
                0x0000000000082544                vAHI_IntHandlerTickTimer
 .text.u32AHI_TickTimerRead
                0x000000000008256f        0x9 c:/NXP/bstudio_nxp/sdk/JN-SW-4163/Components/Library\libHardwareApi_JN516x.a(AHI_TickTimer.o)
                0x000000000008256f                u32AHI_TickTimerRead
 .text.vAHI_TickTimerInterval
                0x0000000000082578       0x1e c:/NXP/bstudio_nxp/sdk/JN-SW-4163/Components/Library\libHardwareApi_JN516x.a(AHI_TickTimer.o)
                0x0000000000082578                vAHI_TickTimerInterval
 .text          0x0000000000082596       0x27 c:/NXP/bstudio_nxp/sdk/JN-SW-4163/Components/Library\libHardwareApi_JN516x.a(AHI_Interrupt.o)
                0x0000000000082596                vAHI_InterruptSetPriority
                0x00000000000825b4                vAHI_InterruptSetActivePriorityLevel
 .text.u32AHI_Init
                0x00000000000825bd       0xc2 c:/NXP/bstudio_nxp/sdk/JN-SW-4163/Components/Library\libHardwareApi_JN516x.a(AHI_Init.o)
                0x00000000000825bd                u32AHI_Init
 .text.vAHI_IntHandlerAnalogPeriph
                0x000000000008267f       0x20 c:/NXP/bstudio_nxp/sdk/JN-SW-4163/Components/Library\libHardwareApi_JN516x.a(AHI_Analogue.o)
                0x000000000008267f                vAHI_IntHandlerAnalogPeriph
 .text.vAHI_IntHandlerSpiMaster
                0x000000000008269f       0x26 c:/NXP/bstudio_nxp/sdk/JN-SW-4163/Components/Library\libHardwareApi_JN516x.a(AHI_Spi.o)
                0x000000000008269f                vAHI_IntHandlerSpiMaster
 .text.vAHI_IntHandlerSpiSlave
                0x00000000000826c5       0x1d c:/NXP/bstudio_nxp/sdk/JN-SW-4163/Components/Library\libHardwareApi_JN516x.a(AHI_SpiSlave.o)
                0x00000000000826c5                vAHI_IntHandlerSpiSlave
 .text.vAHI_IntHandlerSi
                0x00000000000826e2       0x45 c:/NXP/bstudio_nxp/sdk/JN-SW-4163/Components/Library\libHardwareApi_JN516x.a(AHI_Si.o)
                0x00000000000826e2                vAHI_IntHandlerSi
 .text.pvHeap_DefAlloc
                0x0000000000082727       0x6b c:/NXP/bstudio_nxp/sdk/JN-SW-4163/Components/Library\libBoot_JN516x.a(Heap.o)
 .text.pvHeap_Alloc
                0x0000000000082792        0xf c:/NXP/bstudio_nxp/sdk/JN-SW-4163/Components/Library\libBoot_JN516x.a(Heap.o)
                0x0000000000082792                pvHeap_Alloc
 .text.vACI_IntHandlerAes
                0x00000000000827a1       0x25 c:/NXP/bstudio_nxp/sdk/JN-SW-4163/Components/Library\libAes_JN516x.a(AEScoprocessorAPIinterrupts.o)
                0x00000000000827a1                vACI_IntHandlerAes
 .text          0x00000000000827c6       0x19 c:/nxp/bstudio_nxp/sdk/tools/ba-elf-ba2-r36379/bin/../lib/gcc/ba-elf/4.7.4/../../../../ba-elf/lib/mcpu_jn51xx_sizeopt\libc.a(lib_a-memcpy.o)
 .text          0x00000000000827df       0x12 c:/nxp/bstudio_nxp/sdk/tools/ba-elf-ba2-r36379/bin/../lib/gcc/ba-elf/4.7.4/../../../../ba-elf/lib/mcpu_jn51xx_sizeopt\libc.a(lib_a-memset.o)
                0x00000000000827df                memset
 *fill*         0x00000000000827f1        0x3 00
 .text          0x00000000000827f4      0x204 c:/nxp/bstudio_nxp/sdk/tools/ba-elf-ba2-r36379/bin/../lib/gcc/ba-elf/4.7.4/mcpu_jn51xx_sizeopt\libgcc.a(__udivsi3.o)
                0x00000000000827f4                __udivsi3
 .text          0x00000000000829f8      0x1b0 c:/nxp/bstudio_nxp/sdk/tools/ba-elf-ba2-r36379/bin/../lib/gcc/ba-elf/4.7.4/mcpu_jn51xx_sizeopt\libgcc.a(__umodsi3.o)
                0x00000000000829f8                __umodsi3
 .text          0x0000000000082ba8       0x24 c:/nxp/bstudio_nxp/sdk/tools/ba-elf-ba2-r36379/bin/../lib/gcc/ba-elf/4.7.4/mcpu_jn51xx_sizeopt\libgcc.a(_bswapsi2.o)
                0x0000000000082ba8                __bswapsi2
 .text          0x0000000000082bcc      0x350 c:/nxp/bstudio_nxp/sdk/tools/ba-elf-ba2-r36379/bin/../lib/gcc/ba-elf/4.7.4/mcpu_jn51xx_sizeopt\libgcc.a(_udivdi3.o)
                0x0000000000082bcc                __udivdi3
                0x0000000000082f1c                _flash_end = ABSOLUTE (.)

.rela.dyn       0x0000000000082f1c        0x0
 .rela.text.AppColdStart
                0x0000000000000000        0x0 debug/main.o
 .rela.text.u32JPT_Init
                0x0000000000000000        0x0 debug/main.o
 .rela.text.bJPT_RadioInit
                0x0000000000000000        0x0 debug/main.o
 .rela.text.bJPT_PacketRx
                0x0000000000000000        0x0 debug/main.o
 .rela.text.vJPT_PacketTx
                0x0000000000000000        0x0 debug/main.o
 .rela.text.vAHI_ExtendedTemperatureOperation
                0x0000000000000000        0x0 debug/main.o
 .rela.text.u32RaiseDigitalVoltage
                0x0000000000000000        0x0 debug/main.o
 .rela.text.vLowerDigitalVoltage
                0x0000000000000000        0x0 debug/main.o
 .rela.text.bAHI_FlashInit
                0x0000000000000000        0x0 debug/main.o
 .rela.text.vAHI_FlashPowerDown
                0x0000000000000000        0x0 debug/main.o
 .rela.text.vConfigureSpi
                0x0000000000000000        0x0 debug/main.o
 .rela.text.bAHI_FullFlashRead
                0x0000000000000000        0x0 debug/main.o
 .rela.text.vSetFlashWriteEnable
                0x0000000000000000        0x0 debug/main.o
 .rela.text.bAHI_FullFlashProgram
                0x0000000000000000        0x0 debug/main.o
 .rela.text.bAHI_FlashEraseSector
                0x0000000000000000        0x0 debug/main.o
 .rela.text.vAHI_TickTimerInit
                0x0000000000000000        0x0 debug/main.o
 .rela.text.vAHI_IntHandlerTickTimer
                0x0000000000000000        0x0 debug/main.o
 .rela.text.u32AHI_Init
                0x0000000000000000        0x0 debug/main.o
 .rela.data.u32HeapEnd
                0x0000000000000000        0x0 debug/main.o
 .rela.data.u32HeapStart
                0x0000000000000000        0x0 debug/main.o
                0x000000000400004c                . = ORIGIN (ram)

.data           0x000000000400004c       0x2c load address 0x0000000000082f1c
                0x000000000400004c                _ram_data_start = ABSOLUTE (.)
 *(.data*)
 .data.DBG_u32Flags
                0x000000000400004c        0x4 c:/NXP/bstudio_nxp/sdk/JN-SW-4163/Components/Library\libDBG_JN516x.a(dbg.o)
                0x000000000400004c                DBG_u32Flags
 .data.bIsNewline
                0x0000000004000050        0x1 c:/NXP/bstudio_nxp/sdk/JN-SW-4163/Components/Library\libDBG_JN516x.a(dbg.o)
 .data.u8AhiBaudRate
                0x0000000004000051        0x1 c:/NXP/bstudio_nxp/sdk/JN-SW-4163/Components/Library\libDBG_JN516x.a(dbg_uart.o)
 *fill*         0x0000000004000052        0x2 00
 .data.au32TimerBaseAddress
                0x0000000004000054       0x14 c:/NXP/bstudio_nxp/sdk/JN-SW-4163/Components/Library\libHardwareApi_JN516x.a(AHI_Timer.o)
                0x0000000004000054                au32TimerBaseAddress
 .data.u32HeapEnd
                0x0000000004000068        0x4 c:/NXP/bstudio_nxp/sdk/JN-SW-4163/Components/Library\libBoot_JN516x.a(Heap.o)
                0x0000000004000068                u32HeapEnd
 .data.u32HeapStart
                0x000000000400006c        0x4 c:/NXP/bstudio_nxp/sdk/JN-SW-4163/Components/Library\libBoot_JN516x.a(Heap.o)
                0x000000000400006c                u32HeapStart
 .data.prHeap_AllocFunc
                0x0000000004000070        0x4 c:/NXP/bstudio_nxp/sdk/JN-SW-4163/Components/Library\libBoot_JN516x.a(Heap.o)
                0x0000000004000070                prHeap_AllocFunc
 .data          0x0000000004000074        0x4 c:/nxp/bstudio_nxp/sdk/tools/ba-elf-ba2-r36379/bin/../lib/gcc/ba-elf/4.7.4/../../../../ba-elf/lib/mcpu_jn51xx_sizeopt\libc.a(lib_a-ctype_.o)
                0x0000000004000074                __ctype_ptr__
 *(.data.*)
                0x0000000004000078                . = ALIGN (0x4)
                0x0000000004000078                _ram_data_end = ABSOLUTE (.)

.bss            0x0000000004000078      0x41c load address 0x0000000000082f48
                0x0000000004000078                _bss_start = ABSOLUTE (.)
 *(.bss*)
 .bss.g_iWSDumpStatus
                0x0000000004000078        0x4 debug/main.o
                0x0000000004000078                g_iWSDumpStatus
 .bss.g_u32Seconds
                0x000000000400007c        0x4 debug/main.o
                0x000000000400007c                g_u32Seconds
 .bss.u8Attenuator3dB
                0x0000000004000080        0x1 debug/main.o
                0x0000000004000080                u8Attenuator3dB
 .bss.u8TxPowerAdj
                0x0000000004000081        0x1 debug/main.o
                0x0000000004000081                u8TxPowerAdj
 *fill*         0x0000000004000082        0x2 00
 .bss.u32ModuleRadioMode
                0x0000000004000084        0x4 debug/main.o
                0x0000000004000084                u32ModuleRadioMode
 .bss.u32RadioMode
                0x0000000004000088        0x4 debug/main.o
                0x0000000004000088                u32RadioMode
 .bss.asUart_TxQueue
                0x000000000400008c       0x20 debug/UartBuffered.o
 .bss.asUart_RxQueue
                0x00000000040000ac       0x20 debug/UartBuffered.o
 .bss.vPutChar  0x00000000040000cc        0x4 debug/Printf.o
 .bss.u32SniffWorkaroundTimer.3312
                0x00000000040000d0        0x4 c:/NXP/bstudio_nxp/sdk/JN-SW-4163/Components/Library\libJPT_JN5168.a(JPT_PacketTest.o)
 .bss.u8LastChannel.3311
                0x00000000040000d4        0x1 c:/NXP/bstudio_nxp/sdk/JN-SW-4163/Components/Library\libJPT_JN5168.a(JPT_PacketTest.o)
 *fill*         0x00000000040000d5        0x3 00
 .bss.vResetFn  0x00000000040000d8        0x4 c:/NXP/bstudio_nxp/sdk/JN-SW-4163/Components/Library\libDBG_JN516x.a(dbg.o)
 .bss.vPutchFn  0x00000000040000dc        0x4 c:/NXP/bstudio_nxp/sdk/JN-SW-4163/Components/Library\libDBG_JN516x.a(dbg.o)
 .bss.vFlushFn  0x00000000040000e0        0x4 c:/NXP/bstudio_nxp/sdk/JN-SW-4163/Components/Library\libDBG_JN516x.a(dbg.o)
 .bss.vStopFn   0x00000000040000e4        0x4 c:/NXP/bstudio_nxp/sdk/JN-SW-4163/Components/Library\libDBG_JN516x.a(dbg.o)
 .bss.iGetCharFn
                0x00000000040000e8        0x4 c:/NXP/bstudio_nxp/sdk/JN-SW-4163/Components/Library\libDBG_JN516x.a(dbg.o)
 .bss.u8AhiUart
                0x00000000040000ec        0x1 c:/NXP/bstudio_nxp/sdk/JN-SW-4163/Components/Library\libDBG_JN516x.a(dbg_uart.o)
 *fill*         0x00000000040000ed        0x3 00
 .bss.initinboot
                0x00000000040000f0        0x4 c:/NXP/bstudio_nxp/sdk/JN-SW-4163/Components/Library\libHardwareApi_JN516x.a(AHI_System.o)
 .bss.apfTimerAppCallback
                0x00000000040000f4       0x14 c:/NXP/bstudio_nxp/sdk/JN-SW-4163/Components/Library\libHardwareApi_JN516x.a(AHI_TimerInt.o)
 .bss.apu8DMAbuffer
                0x0000000004000108        0x8 c:/NXP/bstudio_nxp/sdk/JN-SW-4163/Components/Library\libHardwareApi_JN516x.a(AHI_Uart.o)
 .bss.prUart0AppCallback
                0x0000000004000110        0x4 c:/NXP/bstudio_nxp/sdk/JN-SW-4163/Components/Library\libHardwareApi_JN516x.a(AHI_Uart.o)
 .bss.prUart1AppCallback
                0x0000000004000114        0x4 c:/NXP/bstudio_nxp/sdk/JN-SW-4163/Components/Library\libHardwareApi_JN516x.a(AHI_Uart.o)
 .bss.prFlashEECAppCallback
                0x0000000004000118        0x4 c:/NXP/bstudio_nxp/sdk/JN-SW-4163/Components/Library\libHardwareApi_JN516x.a(AHI_Flash.o)
 .bss.u32FlashParityErrorCount
                0x000000000400011c        0x4 c:/NXP/bstudio_nxp/sdk/JN-SW-4163/Components/Library\libHardwareApi_JN516x.a(AHI_Flash.o)
 .bss.prInfraredAppCallback
                0x0000000004000120        0x4 c:/NXP/bstudio_nxp/sdk/JN-SW-4163/Components/Library\libHardwareApi_JN516x.a(AHI_Infrared.o)
 .bss.prApAppCallback
                0x0000000004000124        0x4 c:/NXP/bstudio_nxp/sdk/JN-SW-4163/Components/Library\libHardwareApi_JN516x.a(AHI_Analogue.o)
 .bss.prSpiAppCallback
                0x0000000004000128        0x4 c:/NXP/bstudio_nxp/sdk/JN-SW-4163/Components/Library\libHardwareApi_JN516x.a(AHI_Spi.o)
 .bss.prSpiAppCallback
                0x000000000400012c        0x4 c:/NXP/bstudio_nxp/sdk/JN-SW-4163/Components/Library\libHardwareApi_JN516x.a(AHI_SpiSlave.o)
 .bss.prSiAppCallback
                0x0000000004000130        0x4 c:/NXP/bstudio_nxp/sdk/JN-SW-4163/Components/Library\libHardwareApi_JN516x.a(AHI_Si.o)
 .bss.dontinitinboot
                0x0000000004000134       0x40 c:/NXP/bstudio_nxp/sdk/JN-SW-4163/Components/Library\libBoot_JN516x.a(ExceptionHandler.o)
                0x0000000004000134                isr_handlers
 .bss.dontinitinboot
                0x0000000004000174        0x4 c:/NXP/bstudio_nxp/sdk/JN-SW-4163/Components/Library\libAes_JN516x.a(AEScoprocessorAPIinterrupts.o)
 *(.bss.*)
 *(.scommon*)
 .scommon       0x0000000004000178        0x1 debug/main.o
                0x0000000004000178                __gnu_lto_v1
 .scommon       0x0000000004000179        0x0 debug/UartBuffered.o
 .scommon       0x0000000004000179        0x0 debug/Queue.o
 .scommon       0x0000000004000179        0x0 debug/Printf.o
 .scommon       0x0000000004000179        0x0 c:/NXP/bstudio_nxp/sdk/JN-SW-4163/Components/Library\libJPT_JN5168.a(JPT_Init.o)
 *fill*         0x0000000004000179        0x7 00
 .scommon       0x0000000004000180        0x8 c:/NXP/bstudio_nxp/sdk/JN-SW-4163/Components/Library\libJPT_JN5168.a(JPT_RadioInit.o)
                0x0000000004000180                u64JPT_MacAddress
 .scommon       0x0000000004000188        0x0 c:/NXP/bstudio_nxp/sdk/JN-SW-4163/Components/Library\libJPT_JN5168.a(JPT_RadioFunctions.o)
 .scommon       0x0000000004000188        0x0 c:/NXP/bstudio_nxp/sdk/JN-SW-4163/Components/Library\libJPT_JN5168.a(JPT_PacketTest.o)
 .scommon       0x0000000004000188        0x0 c:/NXP/bstudio_nxp/sdk/JN-SW-4163/Components/Library\libJPT_JN5168.a(JPT_RadioSettings_JN5164.o)
 .scommon       0x0000000004000188        0x0 c:/NXP/bstudio_nxp/sdk/JN-SW-4163/Components/Library\libJPT_JN5168.a(JPT_RadioEnergyDetect.o)
 .scommon       0x0000000004000188        0x0 c:/NXP/bstudio_nxp/sdk/JN-SW-4163/Components/Library\libDBG_JN516x.a(dbg.o)
 .scommon       0x0000000004000188        0x0 c:/NXP/bstudio_nxp/sdk/JN-SW-4163/Components/Library\libDBG_JN516x.a(dbg_uart.o)
 .scommon       0x0000000004000188        0x0 c:/NXP/bstudio_nxp/sdk/JN-SW-4163/Components/Library\libHardwareApi_JN516x.a(AHI_Dio.o)
 .scommon       0x0000000004000188        0x1 c:/NXP/bstudio_nxp/sdk/JN-SW-4163/Components/Library\libHardwareApi_JN516x.a(AHI_System.o)
                0x0000000004000188                bAHI_ExtendedTemperatureOperation
 .scommon       0x0000000004000189        0x0 c:/NXP/bstudio_nxp/sdk/JN-SW-4163/Components/Library\libHardwareApi_JN516x.a(AHI_Timer.o)
 .scommon       0x0000000004000189        0x0 c:/NXP/bstudio_nxp/sdk/JN-SW-4163/Components/Library\libHardwareApi_JN516x.a(AHI_TimerInt.o)
 .scommon       0x0000000004000189        0x0 c:/NXP/bstudio_nxp/sdk/JN-SW-4163/Components/Library\libHardwareApi_JN516x.a(AHI_Uart.o)
 *fill*         0x0000000004000189        0x3 00
 .scommon       0x000000000400018c        0x4 c:/NXP/bstudio_nxp/sdk/JN-SW-4163/Components/Library\libHardwareApi_JN516x.a(AHI_Flash.o)
                0x000000000400018c                g_tSpiConfiguration
 .scommon       0x0000000004000190        0x0 c:/NXP/bstudio_nxp/sdk/JN-SW-4163/Components/Library\libHardwareApi_JN516x.a(AHI_Infrared.o)
 .scommon       0x0000000004000190        0x4 c:/NXP/bstudio_nxp/sdk/JN-SW-4163/Components/Library\libHardwareApi_JN516x.a(AHI_TickTimer.o)
                0x0000000004000190                prTickTimeAppCallback
 .scommon       0x0000000004000194        0x0 c:/NXP/bstudio_nxp/sdk/JN-SW-4163/Components/Library\libHardwareApi_JN516x.a(AHI_Init.o)
 .scommon       0x0000000004000194        0x0 c:/NXP/bstudio_nxp/sdk/JN-SW-4163/Components/Library\libHardwareApi_JN516x.a(AHI_Analogue.o)
 .scommon       0x0000000004000194        0x0 c:/NXP/bstudio_nxp/sdk/JN-SW-4163/Components/Library\libHardwareApi_JN516x.a(AHI_Spi.o)
 .scommon       0x0000000004000194        0x0 c:/NXP/bstudio_nxp/sdk/JN-SW-4163/Components/Library\libHardwareApi_JN516x.a(AHI_SpiSlave.o)
 .scommon       0x0000000004000194        0x0 c:/NXP/bstudio_nxp/sdk/JN-SW-4163/Components/Library\libHardwareApi_JN516x.a(AHI_Si.o)
 .scommon       0x0000000004000194        0x0 c:/NXP/bstudio_nxp/sdk/JN-SW-4163/Components/Library\libBoot_JN516x.a(Heap.o)
 .scommon       0x0000000004000194        0x0 c:/NXP/bstudio_nxp/sdk/JN-SW-4163/Components/Library\libAes_JN516x.a(AEScoprocessorAPIinterrupts.o)
 *(.scommon.*)
 *(COMMON)
 COMMON         0x0000000004000194       0xc8 debug/main.o
                0x0000000004000194                au8UartTxBuffer
                0x00000000040001f8                au8UartRxBuffer
 COMMON         0x000000000400025c      0x238 c:/NXP/bstudio_nxp/sdk/JN-SW-4163/Components/Library\libJPT_JN5168.a(JPT_Init.o)
                0x000000000400025c                sJPT_RxBuff
                0x0000000004000378                sJPT_TxBuff
                0x0000000004000494                . = ALIGN (0x4)
                0x0000000004000494                _bss_end = ABSOLUTE (.)

.heap           0x0000000004000494      0xd16 load address 0x0000000000083364
                0x0000000004000494                _heap_start = ABSOLUTE (.)
                0x00000000040011aa                . = (. + _minimum_heap_size)
 *fill*         0x0000000004000494      0xd16 00

.stack          0x0000000004007800      0x800 load address 0x000000000008a6d0
                0x0000000004007800                _heap_end = ABSOLUTE (.)
                0x0000000004007800                _stack_low_water_mark = ABSOLUTE (.)
                0x0000000004008000                . = (. + _stack_size)
 *fill*         0x0000000004007800      0x800 00

.test           0x0000000000082f48        0x1
                0x0000000000082f48        0x1 BYTE 0xff
                0x0000000000082f1c                _flash_data_start = LOADADDR (.data)
                0x000000000000002c                _ram_data_len = (((_ram_data_end - _ram_data_start) + 0x3) & 0xfffffffffffffffc)
                0x000000000000041c                _bss_len = (((_bss_end - _bss_start) + 0x3) & 0xfffffffffffffffc)
                0x0000000000002f48                _image_len = ((((_flash_end - _flash_start) + _ram_data_len) + 0x3) & 0xfffffffffffffffc)
                0x0000000004008000                _ram_top = (ABSOLUTE (ORIGIN (ram)) + 0x7fb4)
                0x0000000004008000                ram_top = (ABSOLUTE (ORIGIN (ram)) + 0x7fb4)
                0x0000000001001580                _app_ram_start = 0x1001580
                0x000000000400006c                PROVIDE (_heap_location, u32HeapStart)
                0x000000000400006c                PROVIDE (heap_location, u32HeapStart)
OUTPUT(debug/JN516xSniffer_JN5168.elf elf32-ba)

.comment        0x0000000000000000       0x11
 .comment       0x0000000000000000       0x11 debug/main.o
                                         0x12 (size before relaxing)
 .comment       0x0000000000000000       0x12 debug/UartBuffered.o
 .comment       0x0000000000000000       0x12 debug/Queue.o
 .comment       0x0000000000000000       0x12 debug/Printf.o
 .comment       0x0000000000000000       0x12 c:/NXP/bstudio_nxp/sdk/JN-SW-4163/Components/Library\libJPT_JN5168.a(JPT_Init.o)
 .comment       0x0000000000000000       0x12 c:/NXP/bstudio_nxp/sdk/JN-SW-4163/Components/Library\libJPT_JN5168.a(JPT_RadioInit.o)
 .comment       0x0000000000000000       0x12 c:/NXP/bstudio_nxp/sdk/JN-SW-4163/Components/Library\libJPT_JN5168.a(JPT_RadioFunctions.o)
 .comment       0x0000000000000000       0x12 c:/NXP/bstudio_nxp/sdk/JN-SW-4163/Components/Library\libJPT_JN5168.a(JPT_PacketTest.o)
 .comment       0x0000000000000000       0x12 c:/NXP/bstudio_nxp/sdk/JN-SW-4163/Components/Library\libJPT_JN5168.a(JPT_RadioSettings_JN5164.o)
 .comment       0x0000000000000000       0x12 c:/NXP/bstudio_nxp/sdk/JN-SW-4163/Components/Library\libJPT_JN5168.a(JPT_RadioEnergyDetect.o)
 .comment       0x0000000000000000       0x12 c:/NXP/bstudio_nxp/sdk/JN-SW-4163/Components/Library\libDBG_JN516x.a(dbg.o)
 .comment       0x0000000000000000       0x12 c:/NXP/bstudio_nxp/sdk/JN-SW-4163/Components/Library\libDBG_JN516x.a(dbg_uart.o)
 .comment       0x0000000000000000       0x12 c:/NXP/bstudio_nxp/sdk/JN-SW-4163/Components/Library\libHardwareApi_JN516x.a(AHI_Dio.o)
 .comment       0x0000000000000000       0x12 c:/NXP/bstudio_nxp/sdk/JN-SW-4163/Components/Library\libHardwareApi_JN516x.a(AHI_System.o)
 .comment       0x0000000000000000       0x12 c:/NXP/bstudio_nxp/sdk/JN-SW-4163/Components/Library\libHardwareApi_JN516x.a(AHI_Timer.o)
 .comment       0x0000000000000000       0x12 c:/NXP/bstudio_nxp/sdk/JN-SW-4163/Components/Library\libHardwareApi_JN516x.a(AHI_TimerInt.o)
 .comment       0x0000000000000000       0x12 c:/NXP/bstudio_nxp/sdk/JN-SW-4163/Components/Library\libHardwareApi_JN516x.a(AHI_Uart.o)
 .comment       0x0000000000000000       0x12 c:/NXP/bstudio_nxp/sdk/JN-SW-4163/Components/Library\libHardwareApi_JN516x.a(AHI_Flash.o)
 .comment       0x0000000000000000       0x12 c:/NXP/bstudio_nxp/sdk/JN-SW-4163/Components/Library\libHardwareApi_JN516x.a(AHI_Infrared.o)
 .comment       0x0000000000000000       0x12 c:/NXP/bstudio_nxp/sdk/JN-SW-4163/Components/Library\libHardwareApi_JN516x.a(AHI_TickTimer.o)
 .comment       0x0000000000000000       0x12 c:/NXP/bstudio_nxp/sdk/JN-SW-4163/Components/Library\libHardwareApi_JN516x.a(AHI_Init.o)
 .comment       0x0000000000000000       0x12 c:/NXP/bstudio_nxp/sdk/JN-SW-4163/Components/Library\libHardwareApi_JN516x.a(AHI_Analogue.o)
 .comment       0x0000000000000000       0x12 c:/NXP/bstudio_nxp/sdk/JN-SW-4163/Components/Library\libHardwareApi_JN516x.a(AHI_Spi.o)
 .comment       0x0000000000000000       0x12 c:/NXP/bstudio_nxp/sdk/JN-SW-4163/Components/Library\libHardwareApi_JN516x.a(AHI_SpiSlave.o)
 .comment       0x0000000000000000       0x12 c:/NXP/bstudio_nxp/sdk/JN-SW-4163/Components/Library\libHardwareApi_JN516x.a(AHI_Si.o)
 .comment       0x0000000000000000       0x12 c:/NXP/bstudio_nxp/sdk/JN-SW-4163/Components/Library\libBoot_JN516x.a(Heap.o)
 .comment       0x0000000000000000       0x12 c:/NXP/bstudio_nxp/sdk/JN-SW-4163/Components/Library\libAes_JN516x.a(AEScoprocessorAPIinterrupts.o)
 .comment       0x0000000000000000       0x12 c:/nxp/bstudio_nxp/sdk/tools/ba-elf-ba2-r36379/bin/../lib/gcc/ba-elf/4.7.4/../../../../ba-elf/lib/mcpu_jn51xx_sizeopt\libc.a(lib_a-ctype_.o)
 .comment       0x0000000000000000       0x12 c:/nxp/bstudio_nxp/sdk/tools/ba-elf-ba2-r36379/bin/../lib/gcc/ba-elf/4.7.4/../../../../ba-elf/lib/mcpu_jn51xx_sizeopt\libc.a(lib_a-memcpy.o)
 .comment       0x0000000000000000       0x12 c:/nxp/bstudio_nxp/sdk/tools/ba-elf-ba2-r36379/bin/../lib/gcc/ba-elf/4.7.4/../../../../ba-elf/lib/mcpu_jn51xx_sizeopt\libc.a(lib_a-memset.o)
 .comment       0x0000000000000000       0x12 c:/nxp/bstudio_nxp/sdk/tools/ba-elf-ba2-r36379/bin/../lib/gcc/ba-elf/4.7.4/mcpu_jn51xx_sizeopt\libgcc.a(_bswapsi2.o)
 .comment       0x0000000000000000       0x12 c:/nxp/bstudio_nxp/sdk/tools/ba-elf-ba2-r36379/bin/../lib/gcc/ba-elf/4.7.4/mcpu_jn51xx_sizeopt\libgcc.a(_udivdi3.o)

.debug_line     0x0000000000000000      0xf53
 .debug_line    0x0000000000000000      0x197 c:/NXP/bstudio_nxp/sdk/JN-SW-4163/Components/Library\libBoot_JN516x.a(ExceptionHandler.o)
 .debug_line    0x0000000000000197       0xb0 c:/nxp/bstudio_nxp/sdk/tools/ba-elf-ba2-r36379/bin/../lib/gcc/ba-elf/4.7.4/../../../../ba-elf/lib/mcpu_jn51xx_sizeopt\libc.a(lib_a-ctype_.o)
 .debug_line    0x0000000000000247      0x148 c:/nxp/bstudio_nxp/sdk/tools/ba-elf-ba2-r36379/bin/../lib/gcc/ba-elf/4.7.4/../../../../ba-elf/lib/mcpu_jn51xx_sizeopt\libc.a(lib_a-memcpy.o)
 .debug_line    0x000000000000038f      0x13e c:/nxp/bstudio_nxp/sdk/tools/ba-elf-ba2-r36379/bin/../lib/gcc/ba-elf/4.7.4/../../../../ba-elf/lib/mcpu_jn51xx_sizeopt\libc.a(lib_a-memset.o)
 .debug_line    0x00000000000004cd      0x47b c:/nxp/bstudio_nxp/sdk/tools/ba-elf-ba2-r36379/bin/../lib/gcc/ba-elf/4.7.4/mcpu_jn51xx_sizeopt\libgcc.a(__udivsi3.o)
 .debug_line    0x0000000000000948      0x3c7 c:/nxp/bstudio_nxp/sdk/tools/ba-elf-ba2-r36379/bin/../lib/gcc/ba-elf/4.7.4/mcpu_jn51xx_sizeopt\libgcc.a(__umodsi3.o)
 .debug_line    0x0000000000000d0f       0x8d c:/nxp/bstudio_nxp/sdk/tools/ba-elf-ba2-r36379/bin/../lib/gcc/ba-elf/4.7.4/mcpu_jn51xx_sizeopt\libgcc.a(_bswapsi2.o)
 .debug_line    0x0000000000000d9c      0x1b7 c:/nxp/bstudio_nxp/sdk/tools/ba-elf-ba2-r36379/bin/../lib/gcc/ba-elf/4.7.4/mcpu_jn51xx_sizeopt\libgcc.a(_udivdi3.o)

.debug_info     0x0000000000000000      0xb8b
 .debug_info    0x0000000000000000       0xaa c:/NXP/bstudio_nxp/sdk/JN-SW-4163/Components/Library\libBoot_JN516x.a(ExceptionHandler.o)
 .debug_info    0x00000000000000aa       0x98 c:/nxp/bstudio_nxp/sdk/tools/ba-elf-ba2-r36379/bin/../lib/gcc/ba-elf/4.7.4/../../../../ba-elf/lib/mcpu_jn51xx_sizeopt\libc.a(lib_a-ctype_.o)
 .debug_info    0x0000000000000142      0x106 c:/nxp/bstudio_nxp/sdk/tools/ba-elf-ba2-r36379/bin/../lib/gcc/ba-elf/4.7.4/../../../../ba-elf/lib/mcpu_jn51xx_sizeopt\libc.a(lib_a-memcpy.o)
 .debug_info    0x0000000000000248       0xd7 c:/nxp/bstudio_nxp/sdk/tools/ba-elf-ba2-r36379/bin/../lib/gcc/ba-elf/4.7.4/../../../../ba-elf/lib/mcpu_jn51xx_sizeopt\libc.a(lib_a-memset.o)
 .debug_info    0x000000000000031f       0xb4 c:/nxp/bstudio_nxp/sdk/tools/ba-elf-ba2-r36379/bin/../lib/gcc/ba-elf/4.7.4/mcpu_jn51xx_sizeopt\libgcc.a(__udivsi3.o)
 .debug_info    0x00000000000003d3       0xb4 c:/nxp/bstudio_nxp/sdk/tools/ba-elf-ba2-r36379/bin/../lib/gcc/ba-elf/4.7.4/mcpu_jn51xx_sizeopt\libgcc.a(__umodsi3.o)
 .debug_info    0x0000000000000487       0xbc c:/nxp/bstudio_nxp/sdk/tools/ba-elf-ba2-r36379/bin/../lib/gcc/ba-elf/4.7.4/mcpu_jn51xx_sizeopt\libgcc.a(_bswapsi2.o)
 .debug_info    0x0000000000000543      0x648 c:/nxp/bstudio_nxp/sdk/tools/ba-elf-ba2-r36379/bin/../lib/gcc/ba-elf/4.7.4/mcpu_jn51xx_sizeopt\libgcc.a(_udivdi3.o)

.debug_abbrev   0x0000000000000000      0x388
 .debug_abbrev  0x0000000000000000       0x14 c:/NXP/bstudio_nxp/sdk/JN-SW-4163/Components/Library\libBoot_JN516x.a(ExceptionHandler.o)
 .debug_abbrev  0x0000000000000014       0x5d c:/nxp/bstudio_nxp/sdk/tools/ba-elf-ba2-r36379/bin/../lib/gcc/ba-elf/4.7.4/../../../../ba-elf/lib/mcpu_jn51xx_sizeopt\libc.a(lib_a-ctype_.o)
 .debug_abbrev  0x0000000000000071       0xa4 c:/nxp/bstudio_nxp/sdk/tools/ba-elf-ba2-r36379/bin/../lib/gcc/ba-elf/4.7.4/../../../../ba-elf/lib/mcpu_jn51xx_sizeopt\libc.a(lib_a-memcpy.o)
 .debug_abbrev  0x0000000000000115       0x8e c:/nxp/bstudio_nxp/sdk/tools/ba-elf-ba2-r36379/bin/../lib/gcc/ba-elf/4.7.4/../../../../ba-elf/lib/mcpu_jn51xx_sizeopt\libc.a(lib_a-memset.o)
 .debug_abbrev  0x00000000000001a3       0x14 c:/nxp/bstudio_nxp/sdk/tools/ba-elf-ba2-r36379/bin/../lib/gcc/ba-elf/4.7.4/mcpu_jn51xx_sizeopt\libgcc.a(__udivsi3.o)
 .debug_abbrev  0x00000000000001b7       0x14 c:/nxp/bstudio_nxp/sdk/tools/ba-elf-ba2-r36379/bin/../lib/gcc/ba-elf/4.7.4/mcpu_jn51xx_sizeopt\libgcc.a(__umodsi3.o)
 .debug_abbrev  0x00000000000001cb       0x60 c:/nxp/bstudio_nxp/sdk/tools/ba-elf-ba2-r36379/bin/../lib/gcc/ba-elf/4.7.4/mcpu_jn51xx_sizeopt\libgcc.a(_bswapsi2.o)
 .debug_abbrev  0x000000000000022b      0x15d c:/nxp/bstudio_nxp/sdk/tools/ba-elf-ba2-r36379/bin/../lib/gcc/ba-elf/4.7.4/mcpu_jn51xx_sizeopt\libgcc.a(_udivdi3.o)

.debug_aranges  0x0000000000000000       0xf8
 .debug_aranges
                0x0000000000000000       0x20 c:/NXP/bstudio_nxp/sdk/JN-SW-4163/Components/Library\libBoot_JN516x.a(ExceptionHandler.o)
 .debug_aranges
                0x0000000000000020       0x18 c:/nxp/bstudio_nxp/sdk/tools/ba-elf-ba2-r36379/bin/../lib/gcc/ba-elf/4.7.4/../../../../ba-elf/lib/mcpu_jn51xx_sizeopt\libc.a(lib_a-ctype_.o)
 .debug_aranges
                0x0000000000000038       0x20 c:/nxp/bstudio_nxp/sdk/tools/ba-elf-ba2-r36379/bin/../lib/gcc/ba-elf/4.7.4/../../../../ba-elf/lib/mcpu_jn51xx_sizeopt\libc.a(lib_a-memcpy.o)
 .debug_aranges
                0x0000000000000058       0x20 c:/nxp/bstudio_nxp/sdk/tools/ba-elf-ba2-r36379/bin/../lib/gcc/ba-elf/4.7.4/../../../../ba-elf/lib/mcpu_jn51xx_sizeopt\libc.a(lib_a-memset.o)
 .debug_aranges
                0x0000000000000078       0x20 c:/nxp/bstudio_nxp/sdk/tools/ba-elf-ba2-r36379/bin/../lib/gcc/ba-elf/4.7.4/mcpu_jn51xx_sizeopt\libgcc.a(__udivsi3.o)
 .debug_aranges
                0x0000000000000098       0x20 c:/nxp/bstudio_nxp/sdk/tools/ba-elf-ba2-r36379/bin/../lib/gcc/ba-elf/4.7.4/mcpu_jn51xx_sizeopt\libgcc.a(__umodsi3.o)
 .debug_aranges
                0x00000000000000b8       0x20 c:/nxp/bstudio_nxp/sdk/tools/ba-elf-ba2-r36379/bin/../lib/gcc/ba-elf/4.7.4/mcpu_jn51xx_sizeopt\libgcc.a(_bswapsi2.o)
 .debug_aranges
                0x00000000000000d8       0x20 c:/nxp/bstudio_nxp/sdk/tools/ba-elf-ba2-r36379/bin/../lib/gcc/ba-elf/4.7.4/mcpu_jn51xx_sizeopt\libgcc.a(_udivdi3.o)

.debug_str      0x0000000000000000      0x36d
 .debug_str     0x0000000000000000       0xd8 c:/nxp/bstudio_nxp/sdk/tools/ba-elf-ba2-r36379/bin/../lib/gcc/ba-elf/4.7.4/../../../../ba-elf/lib/mcpu_jn51xx_sizeopt\libc.a(lib_a-ctype_.o)
                                         0xdd (size before relaxing)
 .debug_str     0x00000000000000d8      0x118 c:/nxp/bstudio_nxp/sdk/tools/ba-elf-ba2-r36379/bin/../lib/gcc/ba-elf/4.7.4/../../../../ba-elf/lib/mcpu_jn51xx_sizeopt\libc.a(lib_a-memcpy.o)
                                        0x166 (size before relaxing)
 .debug_str     0x00000000000001f0       0x49 c:/nxp/bstudio_nxp/sdk/tools/ba-elf-ba2-r36379/bin/../lib/gcc/ba-elf/4.7.4/../../../../ba-elf/lib/mcpu_jn51xx_sizeopt\libc.a(lib_a-memset.o)
                                        0x152 (size before relaxing)
 .debug_str     0x0000000000000239       0xb1 c:/nxp/bstudio_nxp/sdk/tools/ba-elf-ba2-r36379/bin/../lib/gcc/ba-elf/4.7.4/mcpu_jn51xx_sizeopt\libgcc.a(_bswapsi2.o)
                                        0x155 (size before relaxing)
 .debug_str     0x00000000000002ea       0x83 c:/nxp/bstudio_nxp/sdk/tools/ba-elf-ba2-r36379/bin/../lib/gcc/ba-elf/4.7.4/mcpu_jn51xx_sizeopt\libgcc.a(_udivdi3.o)
                                        0x1d4 (size before relaxing)

.debug_loc      0x0000000000000000      0xb14
 .debug_loc     0x0000000000000000       0x39 c:/nxp/bstudio_nxp/sdk/tools/ba-elf-ba2-r36379/bin/../lib/gcc/ba-elf/4.7.4/../../../../ba-elf/lib/mcpu_jn51xx_sizeopt\libc.a(lib_a-memcpy.o)
 .debug_loc     0x0000000000000039       0x3f c:/nxp/bstudio_nxp/sdk/tools/ba-elf-ba2-r36379/bin/../lib/gcc/ba-elf/4.7.4/../../../../ba-elf/lib/mcpu_jn51xx_sizeopt\libc.a(lib_a-memset.o)
 .debug_loc     0x0000000000000078       0x21 c:/nxp/bstudio_nxp/sdk/tools/ba-elf-ba2-r36379/bin/../lib/gcc/ba-elf/4.7.4/mcpu_jn51xx_sizeopt\libgcc.a(_bswapsi2.o)
 .debug_loc     0x0000000000000099      0xa7b c:/nxp/bstudio_nxp/sdk/tools/ba-elf-ba2-r36379/bin/../lib/gcc/ba-elf/4.7.4/mcpu_jn51xx_sizeopt\libgcc.a(_udivdi3.o)

.debug_frame    0x0000000000000000       0x60
 .debug_frame   0x0000000000000000       0x20 c:/nxp/bstudio_nxp/sdk/tools/ba-elf-ba2-r36379/bin/../lib/gcc/ba-elf/4.7.4/../../../../ba-elf/lib/mcpu_jn51xx_sizeopt\libc.a(lib_a-memcpy.o)
 .debug_frame   0x0000000000000020       0x20 c:/nxp/bstudio_nxp/sdk/tools/ba-elf-ba2-r36379/bin/../lib/gcc/ba-elf/4.7.4/../../../../ba-elf/lib/mcpu_jn51xx_sizeopt\libc.a(lib_a-memset.o)
 .debug_frame   0x0000000000000040       0x20 c:/nxp/bstudio_nxp/sdk/tools/ba-elf-ba2-r36379/bin/../lib/gcc/ba-elf/4.7.4/mcpu_jn51xx_sizeopt\libgcc.a(_bswapsi2.o)

.debug_ranges   0x0000000000000000       0xa0
 .debug_ranges  0x0000000000000000       0xa0 c:/nxp/bstudio_nxp/sdk/tools/ba-elf-ba2-r36379/bin/../lib/gcc/ba-elf/4.7.4/mcpu_jn51xx_sizeopt\libgcc.a(_udivdi3.o)
